D:/Code/STM32/RLU_Expriemente/stm32-helium-demo/ide_ws_thomas/Nx_UDP_Echo_Server/Drivers/STM32N6xx_HAL_Driver/Src/stm32n6xx_hal_dma_ex.c:4263:17:DMA_List_FindNode	32	static
D:/Code/STM32/RLU_Expriemente/stm32-helium-demo/ide_ws_thomas/Nx_UDP_Echo_Server/Drivers/STM32N6xx_HAL_Driver/Src/stm32n6xx_hal_dma_ex.c:4655:13:DMA_List_UpdateStaticQueueNodesCLLR	24	static
D:/Code/STM32/RLU_Expriemente/stm32-helium-demo/ide_ws_thomas/Nx_UDP_Echo_Server/Drivers/STM32N6xx_HAL_Driver/Src/stm32n6xx_hal_dma_ex.c:4579:13:DMA_List_UpdateDynamicQueueNodesCLLR	36	static
D:/Code/STM32/RLU_Expriemente/stm32-helium-demo/ide_ws_thomas/Nx_UDP_Echo_Server/Drivers/STM32N6xx_HAL_Driver/Src/stm32n6xx_hal_dma_ex.c:608:19:HAL_DMAEx_List_Init	16	static
D:/Code/STM32/RLU_Expriemente/stm32-helium-demo/ide_ws_thomas/Nx_UDP_Echo_Server/Drivers/STM32N6xx_HAL_Driver/Src/stm32n6xx_hal_dma_ex.c:677:19:HAL_DMAEx_List_DeInit	24	static
D:/Code/STM32/RLU_Expriemente/stm32-helium-demo/ide_ws_thomas/Nx_UDP_Echo_Server/Drivers/STM32N6xx_HAL_Driver/Src/stm32n6xx_hal_dma_ex.c:819:19:HAL_DMAEx_List_Start	16	static
D:/Code/STM32/RLU_Expriemente/stm32-helium-demo/ide_ws_thomas/Nx_UDP_Echo_Server/Drivers/STM32N6xx_HAL_Driver/Src/stm32n6xx_hal_dma_ex.c:881:19:HAL_DMAEx_List_Start_IT	8	static
D:/Code/STM32/RLU_Expriemente/stm32-helium-demo/ide_ws_thomas/Nx_UDP_Echo_Server/Drivers/STM32N6xx_HAL_Driver/Src/stm32n6xx_hal_dma_ex.c:1051:19:HAL_DMAEx_List_BuildNode	20	static
D:/Code/STM32/RLU_Expriemente/stm32-helium-demo/ide_ws_thomas/Nx_UDP_Echo_Server/Drivers/STM32N6xx_HAL_Driver/Src/stm32n6xx_hal_dma_ex.c:1136:19:HAL_DMAEx_List_GetNodeConfig	20	static
D:/Code/STM32/RLU_Expriemente/stm32-helium-demo/ide_ws_thomas/Nx_UDP_Echo_Server/Drivers/STM32N6xx_HAL_Driver/Src/stm32n6xx_hal_dma_ex.c:1160:19:HAL_DMAEx_List_InsertNode	48	static
D:/Code/STM32/RLU_Expriemente/stm32-helium-demo/ide_ws_thomas/Nx_UDP_Echo_Server/Drivers/STM32N6xx_HAL_Driver/Src/stm32n6xx_hal_dma_ex.c:1290:19:HAL_DMAEx_List_InsertNode_Head	8	static
D:/Code/STM32/RLU_Expriemente/stm32-helium-demo/ide_ws_thomas/Nx_UDP_Echo_Server/Drivers/STM32N6xx_HAL_Driver/Src/stm32n6xx_hal_dma_ex.c:1369:19:HAL_DMAEx_List_InsertNode_Tail	20	static
D:/Code/STM32/RLU_Expriemente/stm32-helium-demo/ide_ws_thomas/Nx_UDP_Echo_Server/Drivers/STM32N6xx_HAL_Driver/Src/stm32n6xx_hal_dma_ex.c:1456:19:HAL_DMAEx_List_RemoveNode	48	static
D:/Code/STM32/RLU_Expriemente/stm32-helium-demo/ide_ws_thomas/Nx_UDP_Echo_Server/Drivers/STM32N6xx_HAL_Driver/Src/stm32n6xx_hal_dma_ex.c:1597:19:HAL_DMAEx_List_RemoveNode_Head	16	static
D:/Code/STM32/RLU_Expriemente/stm32-helium-demo/ide_ws_thomas/Nx_UDP_Echo_Server/Drivers/STM32N6xx_HAL_Driver/Src/stm32n6xx_hal_dma_ex.c:1694:19:HAL_DMAEx_List_RemoveNode_Tail	20	static
D:/Code/STM32/RLU_Expriemente/stm32-helium-demo/ide_ws_thomas/Nx_UDP_Echo_Server/Drivers/STM32N6xx_HAL_Driver/Src/stm32n6xx_hal_dma_ex.c:1789:19:HAL_DMAEx_List_ReplaceNode	56	static
D:/Code/STM32/RLU_Expriemente/stm32-helium-demo/ide_ws_thomas/Nx_UDP_Echo_Server/Drivers/STM32N6xx_HAL_Driver/Src/stm32n6xx_hal_dma_ex.c:1952:19:HAL_DMAEx_List_ReplaceNode_Head	20	static
D:/Code/STM32/RLU_Expriemente/stm32-helium-demo/ide_ws_thomas/Nx_UDP_Echo_Server/Drivers/STM32N6xx_HAL_Driver/Src/stm32n6xx_hal_dma_ex.c:2049:19:HAL_DMAEx_List_ReplaceNode_Tail	28	static
D:/Code/STM32/RLU_Expriemente/stm32-helium-demo/ide_ws_thomas/Nx_UDP_Echo_Server/Drivers/STM32N6xx_HAL_Driver/Src/stm32n6xx_hal_dma_ex.c:2140:19:HAL_DMAEx_List_ResetQ	16	static
D:/Code/STM32/RLU_Expriemente/stm32-helium-demo/ide_ws_thomas/Nx_UDP_Echo_Server/Drivers/STM32N6xx_HAL_Driver/Src/stm32n6xx_hal_dma_ex.c:2212:19:HAL_DMAEx_List_InsertQ	64	static
D:/Code/STM32/RLU_Expriemente/stm32-helium-demo/ide_ws_thomas/Nx_UDP_Echo_Server/Drivers/STM32N6xx_HAL_Driver/Src/stm32n6xx_hal_dma_ex.c:2420:19:HAL_DMAEx_List_InsertQ_Head	36	static
D:/Code/STM32/RLU_Expriemente/stm32-helium-demo/ide_ws_thomas/Nx_UDP_Echo_Server/Drivers/STM32N6xx_HAL_Driver/Src/stm32n6xx_hal_dma_ex.c:2557:19:HAL_DMAEx_List_InsertQ_Tail	56	static
D:/Code/STM32/RLU_Expriemente/stm32-helium-demo/ide_ws_thomas/Nx_UDP_Echo_Server/Drivers/STM32N6xx_HAL_Driver/Src/stm32n6xx_hal_dma_ex.c:2693:19:HAL_DMAEx_List_SetCircularModeConfig	48	static
D:/Code/STM32/RLU_Expriemente/stm32-helium-demo/ide_ws_thomas/Nx_UDP_Echo_Server/Drivers/STM32N6xx_HAL_Driver/Src/stm32n6xx_hal_dma_ex.c:2788:19:HAL_DMAEx_List_SetCircularMode	20	static
D:/Code/STM32/RLU_Expriemente/stm32-helium-demo/ide_ws_thomas/Nx_UDP_Echo_Server/Drivers/STM32N6xx_HAL_Driver/Src/stm32n6xx_hal_dma_ex.c:2871:19:HAL_DMAEx_List_ClearCircularMode	8	static
D:/Code/STM32/RLU_Expriemente/stm32-helium-demo/ide_ws_thomas/Nx_UDP_Echo_Server/Drivers/STM32N6xx_HAL_Driver/Src/stm32n6xx_hal_dma_ex.c:2942:19:HAL_DMAEx_List_ConvertQToDynamic	136	static
D:/Code/STM32/RLU_Expriemente/stm32-helium-demo/ide_ws_thomas/Nx_UDP_Echo_Server/Drivers/STM32N6xx_HAL_Driver/Src/stm32n6xx_hal_dma_ex.c:3044:19:HAL_DMAEx_List_ConvertQToStatic	184	static
D:/Code/STM32/RLU_Expriemente/stm32-helium-demo/ide_ws_thomas/Nx_UDP_Echo_Server/Drivers/STM32N6xx_HAL_Driver/Src/stm32n6xx_hal_dma_ex.c:3121:19:HAL_DMAEx_List_LinkQ	0	static
D:/Code/STM32/RLU_Expriemente/stm32-helium-demo/ide_ws_thomas/Nx_UDP_Echo_Server/Drivers/STM32N6xx_HAL_Driver/Src/stm32n6xx_hal_dma_ex.c:3202:19:HAL_DMAEx_List_UnLinkQ	0	static
D:/Code/STM32/RLU_Expriemente/stm32-helium-demo/ide_ws_thomas/Nx_UDP_Echo_Server/Drivers/STM32N6xx_HAL_Driver/Src/stm32n6xx_hal_dma_ex.c:3271:19:HAL_DMAEx_ConfigDataHandling	4	static
D:/Code/STM32/RLU_Expriemente/stm32-helium-demo/ide_ws_thomas/Nx_UDP_Echo_Server/Drivers/STM32N6xx_HAL_Driver/Src/stm32n6xx_hal_dma_ex.c:3311:19:HAL_DMAEx_ConfigTrigger	4	static
D:/Code/STM32/RLU_Expriemente/stm32-helium-demo/ide_ws_thomas/Nx_UDP_Echo_Server/Drivers/STM32N6xx_HAL_Driver/Src/stm32n6xx_hal_dma_ex.c:3356:19:HAL_DMAEx_ConfigRepeatBlock	8	static
D:/Code/STM32/RLU_Expriemente/stm32-helium-demo/ide_ws_thomas/Nx_UDP_Echo_Server/Drivers/STM32N6xx_HAL_Driver/Src/stm32n6xx_hal_dma_ex.c:3495:19:HAL_DMAEx_Suspend	16	static
D:/Code/STM32/RLU_Expriemente/stm32-helium-demo/ide_ws_thomas/Nx_UDP_Echo_Server/Drivers/STM32N6xx_HAL_Driver/Src/stm32n6xx_hal_dma_ex.c:3554:19:HAL_DMAEx_Suspend_IT	0	static
D:/Code/STM32/RLU_Expriemente/stm32-helium-demo/ide_ws_thomas/Nx_UDP_Echo_Server/Drivers/STM32N6xx_HAL_Driver/Src/stm32n6xx_hal_dma_ex.c:3588:19:HAL_DMAEx_Resume	0	static
D:/Code/STM32/RLU_Expriemente/stm32-helium-demo/ide_ws_thomas/Nx_UDP_Echo_Server/Drivers/STM32N6xx_HAL_Driver/Src/stm32n6xx_hal_dma_ex.c:3649:10:HAL_DMAEx_GetFifoLevel	0	static
