D:/Code/STM32/RLU_Expriemente/stm32-helium-demo/ide_ws_thomas/Nx_UDP_Echo_Server/Drivers/STM32N6xx_HAL_Driver/Src/stm32n6xx_hal_rcc_ex.c:128:19:HAL_RCCEx_PeriphCLKConfig	24	static
D:/Code/STM32/RLU_Expriemente/stm32-helium-demo/ide_ws_thomas/Nx_UDP_Echo_Server/Drivers/STM32N6xx_HAL_Driver/Src/stm32n6xx_hal_rcc_ex.c:2376:6:HAL_RCCEx_GetPeriphCLKConfig	20	static
D:/Code/STM32/RLU_Expriemente/stm32-helium-demo/ide_ws_thomas/Nx_UDP_Echo_Server/Drivers/STM32N6xx_HAL_Driver/Src/stm32n6xx_hal_rcc_ex.c:2814:10:HAL_RCCEx_GetPLL1CLKFreq	4	static
D:/Code/STM32/RLU_Expriemente/stm32-helium-demo/ide_ws_thomas/Nx_UDP_Echo_Server/Drivers/STM32N6xx_HAL_Driver/Src/stm32n6xx_hal_rcc_ex.c:2857:10:HAL_RCCEx_GetPLL2CLKFreq	4	static
D:/Code/STM32/RLU_Expriemente/stm32-helium-demo/ide_ws_thomas/Nx_UDP_Echo_Server/Drivers/STM32N6xx_HAL_Driver/Src/stm32n6xx_hal_rcc_ex.c:2901:10:HAL_RCCEx_GetPLL3CLKFreq	4	static
D:/Code/STM32/RLU_Expriemente/stm32-helium-demo/ide_ws_thomas/Nx_UDP_Echo_Server/Drivers/STM32N6xx_HAL_Driver/Src/stm32n6xx_hal_rcc_ex.c:2944:10:HAL_RCCEx_GetPLL4CLKFreq	4	static
D:/Code/STM32/RLU_Expriemente/stm32-helium-demo/ide_ws_thomas/Nx_UDP_Echo_Server/Drivers/STM32N6xx_HAL_Driver/Src/stm32n6xx_hal_rcc_ex.c:3580:17:RCCEx_GetCLKPCLKFreq.constprop	8	static
D:/Code/STM32/RLU_Expriemente/stm32-helium-demo/ide_ws_thomas/Nx_UDP_Echo_Server/Drivers/STM32N6xx_HAL_Driver/Src/stm32n6xx_hal_rcc_ex.c:5110:17:RCCEx_GetSPDIFRXCLKFreq.constprop	8	static
D:/Code/STM32/RLU_Expriemente/stm32-helium-demo/ide_ws_thomas/Nx_UDP_Echo_Server/Drivers/STM32N6xx_HAL_Driver/Src/stm32n6xx_hal_rcc_ex.c:5815:17:RCCEx_GetXSPICLKFreq	8	static
D:/Code/STM32/RLU_Expriemente/stm32-helium-demo/ide_ws_thomas/Nx_UDP_Echo_Server/Drivers/STM32N6xx_HAL_Driver/Src/stm32n6xx_hal_rcc_ex.c:5691:17:RCCEx_GetOTGPHYCLKFreq	8	static
D:/Code/STM32/RLU_Expriemente/stm32-helium-demo/ide_ws_thomas/Nx_UDP_Echo_Server/Drivers/STM32N6xx_HAL_Driver/Src/stm32n6xx_hal_rcc_ex.c:5550:17:RCCEx_GetUSARTCLKFreq	8	static
D:/Code/STM32/RLU_Expriemente/stm32-helium-demo/ide_ws_thomas/Nx_UDP_Echo_Server/Drivers/STM32N6xx_HAL_Driver/Src/stm32n6xx_hal_rcc_ex.c:5406:17:RCCEx_GetUARTCLKFreq	8	static
D:/Code/STM32/RLU_Expriemente/stm32-helium-demo/ide_ws_thomas/Nx_UDP_Echo_Server/Drivers/STM32N6xx_HAL_Driver/Src/stm32n6xx_hal_rcc_ex.c:5221:17:RCCEx_GetSPICLKFreq	16	static
D:/Code/STM32/RLU_Expriemente/stm32-helium-demo/ide_ws_thomas/Nx_UDP_Echo_Server/Drivers/STM32N6xx_HAL_Driver/Src/stm32n6xx_hal_rcc_ex.c:4899:17:RCCEx_GetSAICLKFreq	8	static
D:/Code/STM32/RLU_Expriemente/stm32-helium-demo/ide_ws_thomas/Nx_UDP_Echo_Server/Drivers/STM32N6xx_HAL_Driver/Src/stm32n6xx_hal_rcc_ex.c:4286:17:RCCEx_GetI3CCLKFreq	16	static
D:/Code/STM32/RLU_Expriemente/stm32-helium-demo/ide_ws_thomas/Nx_UDP_Echo_Server/Drivers/STM32N6xx_HAL_Driver/Src/stm32n6xx_hal_rcc_ex.c:5018:17:RCCEx_GetSDMMCCLKFreq	16	static
D:/Code/STM32/RLU_Expriemente/stm32-helium-demo/ide_ws_thomas/Nx_UDP_Echo_Server/Drivers/STM32N6xx_HAL_Driver/Src/stm32n6xx_hal_rcc_ex.c:4165:17:RCCEx_GetI2CCLKFreq	8	static
D:/Code/STM32/RLU_Expriemente/stm32-helium-demo/ide_ws_thomas/Nx_UDP_Echo_Server/Drivers/STM32N6xx_HAL_Driver/Src/stm32n6xx_hal_rcc_ex.c:4398:17:RCCEx_GetLPTIMCLKFreq	16	static
D:/Code/STM32/RLU_Expriemente/stm32-helium-demo/ide_ws_thomas/Nx_UDP_Echo_Server/Drivers/STM32N6xx_HAL_Driver/Src/stm32n6xx_hal_rcc_ex.c:2583:10:HAL_RCCEx_GetPeriphCLKFreq	8	static
D:/Code/STM32/RLU_Expriemente/stm32-helium-demo/ide_ws_thomas/Nx_UDP_Echo_Server/Drivers/STM32N6xx_HAL_Driver/Src/stm32n6xx_hal_rcc_ex.c:3001:6:HAL_RCCEx_WakeUpStopCLKConfig	0	static
D:/Code/STM32/RLU_Expriemente/stm32-helium-demo/ide_ws_thomas/Nx_UDP_Echo_Server/Drivers/STM32N6xx_HAL_Driver/Src/stm32n6xx_hal_rcc_ex.c:3016:6:HAL_RCCEx_EnableLSECSS	0	static
D:/Code/STM32/RLU_Expriemente/stm32-helium-demo/ide_ws_thomas/Nx_UDP_Echo_Server/Drivers/STM32N6xx_HAL_Driver/Src/stm32n6xx_hal_rcc_ex.c:3027:6:HAL_RCCEx_DisableLSECSS	0	static
D:/Code/STM32/RLU_Expriemente/stm32-helium-demo/ide_ws_thomas/Nx_UDP_Echo_Server/Drivers/STM32N6xx_HAL_Driver/Src/stm32n6xx_hal_rcc_ex.c:3041:6:HAL_RCCEx_EnableLSECSS_IT	0	static
D:/Code/STM32/RLU_Expriemente/stm32-helium-demo/ide_ws_thomas/Nx_UDP_Echo_Server/Drivers/STM32N6xx_HAL_Driver/Src/stm32n6xx_hal_rcc_ex.c:3053:6:HAL_RCCEx_DisableLSECSS_IT	0	static
D:/Code/STM32/RLU_Expriemente/stm32-helium-demo/ide_ws_thomas/Nx_UDP_Echo_Server/Drivers/STM32N6xx_HAL_Driver/Src/stm32n6xx_hal_rcc_ex.c:3066:6:HAL_RCCEx_ReArmLSECSS	0	static
D:/Code/STM32/RLU_Expriemente/stm32-helium-demo/ide_ws_thomas/Nx_UDP_Echo_Server/Drivers/STM32N6xx_HAL_Driver/Src/stm32n6xx_hal_rcc_ex.c:3092:13:HAL_RCCEx_LSECSS_Callback	0	static
D:/Code/STM32/RLU_Expriemente/stm32-helium-demo/ide_ws_thomas/Nx_UDP_Echo_Server/Drivers/STM32N6xx_HAL_Driver/Src/stm32n6xx_hal_rcc_ex.c:3075:6:HAL_RCCEx_LSECSS_IRQHandler	8	static
D:/Code/STM32/RLU_Expriemente/stm32-helium-demo/ide_ws_thomas/Nx_UDP_Echo_Server/Drivers/STM32N6xx_HAL_Driver/Src/stm32n6xx_hal_rcc_ex.c:3112:19:HAL_RCCEx_PLLSSCGConfig	32	static
