D:/Code/STM32/RLU_Expriemente/stm32-helium-demo/ide_ws_thomas/Nx_UDP_Echo_Server/Drivers/STM32N6xx_HAL_Driver/Src/stm32n6xx_hal_dma.c:275:19:HAL_DMA_Init	16	static
D:/Code/STM32/RLU_Expriemente/stm32-helium-demo/ide_ws_thomas/Nx_UDP_Echo_Server/Drivers/STM32N6xx_HAL_Driver/Src/stm32n6xx_hal_dma.c:385:19:HAL_DMA_DeInit	16	static
D:/Code/STM32/RLU_Expriemente/stm32-helium-demo/ide_ws_thomas/Nx_UDP_Echo_Server/Drivers/STM32N6xx_HAL_Driver/Src/stm32n6xx_hal_dma.c:512:19:HAL_DMA_Start	12	static
D:/Code/STM32/RLU_Expriemente/stm32-helium-demo/ide_ws_thomas/Nx_UDP_Echo_Server/Drivers/STM32N6xx_HAL_Driver/Src/stm32n6xx_hal_dma.c:567:19:HAL_DMA_Start_IT	16	static
D:/Code/STM32/RLU_Expriemente/stm32-helium-demo/ide_ws_thomas/Nx_UDP_Echo_Server/Drivers/STM32N6xx_HAL_Driver/Src/stm32n6xx_hal_dma.c:639:19:HAL_DMA_Abort	16	static
D:/Code/STM32/RLU_Expriemente/stm32-helium-demo/ide_ws_thomas/Nx_UDP_Echo_Server/Drivers/STM32N6xx_HAL_Driver/Src/stm32n6xx_hal_dma.c:731:19:HAL_DMA_Abort_IT	0	static
D:/Code/STM32/RLU_Expriemente/stm32-helium-demo/ide_ws_thomas/Nx_UDP_Echo_Server/Drivers/STM32N6xx_HAL_Driver/Src/stm32n6xx_hal_dma.c:767:19:HAL_DMA_PollForTransfer	32	static
D:/Code/STM32/RLU_Expriemente/stm32-helium-demo/ide_ws_thomas/Nx_UDP_Echo_Server/Drivers/STM32N6xx_HAL_Driver/Src/stm32n6xx_hal_dma.c:939:6:HAL_DMA_IRQHandler	8	static
D:/Code/STM32/RLU_Expriemente/stm32-helium-demo/ide_ws_thomas/Nx_UDP_Echo_Server/Drivers/STM32N6xx_HAL_Driver/Src/stm32n6xx_hal_dma.c:1175:19:HAL_DMA_RegisterCallback	0	static
D:/Code/STM32/RLU_Expriemente/stm32-helium-demo/ide_ws_thomas/Nx_UDP_Echo_Server/Drivers/STM32N6xx_HAL_Driver/Src/stm32n6xx_hal_dma.c:1254:19:HAL_DMA_UnRegisterCallback	0	static
D:/Code/STM32/RLU_Expriemente/stm32-helium-demo/ide_ws_thomas/Nx_UDP_Echo_Server/Drivers/STM32N6xx_HAL_Driver/Src/stm32n6xx_hal_dma.c:1362:22:HAL_DMA_GetState	0	static
D:/Code/STM32/RLU_Expriemente/stm32-helium-demo/ide_ws_thomas/Nx_UDP_Echo_Server/Drivers/STM32N6xx_HAL_Driver/Src/stm32n6xx_hal_dma.c:1374:10:HAL_DMA_GetError	0	static
D:/Code/STM32/RLU_Expriemente/stm32-helium-demo/ide_ws_thomas/Nx_UDP_Echo_Server/Drivers/STM32N6xx_HAL_Driver/Src/stm32n6xx_hal_dma.c:1418:19:HAL_DMA_ConfigChannelAttributes	4	static
D:/Code/STM32/RLU_Expriemente/stm32-helium-demo/ide_ws_thomas/Nx_UDP_Echo_Server/Drivers/STM32N6xx_HAL_Driver/Src/stm32n6xx_hal_dma.c:1506:19:HAL_DMA_GetConfigChannelAttributes	16	static
D:/Code/STM32/RLU_Expriemente/stm32-helium-demo/ide_ws_thomas/Nx_UDP_Echo_Server/Drivers/STM32N6xx_HAL_Driver/Src/stm32n6xx_hal_dma.c:1553:19:HAL_DMA_SetIsolationAttributes	0	static
D:/Code/STM32/RLU_Expriemente/stm32-helium-demo/ide_ws_thomas/Nx_UDP_Echo_Server/Drivers/STM32N6xx_HAL_Driver/Src/stm32n6xx_hal_dma.c:1591:19:HAL_DMA_GetIsolationAttributes	0	static
D:/Code/STM32/RLU_Expriemente/stm32-helium-demo/ide_ws_thomas/Nx_UDP_Echo_Server/Drivers/STM32N6xx_HAL_Driver/Src/stm32n6xx_hal_dma.c:1627:19:HAL_DMA_LockChannelAttributes	4	static
D:/Code/STM32/RLU_Expriemente/stm32-helium-demo/ide_ws_thomas/Nx_UDP_Echo_Server/Drivers/STM32N6xx_HAL_Driver/Src/stm32n6xx_hal_dma.c:1659:19:HAL_DMA_GetLockChannelAttributes	0	static
