D:/Code/STM32/RLU_Expriemente/stm32-helium-demo/ide_ws_thomas/Nx_UDP_Echo_Server/Drivers/STM32N6xx_HAL_Driver/Src/stm32n6xx_hal_rcc.c:2314:17:RCC_IC_CheckPLLSources	0	static
D:/Code/STM32/RLU_Expriemente/stm32-helium-demo/ide_ws_thomas/Nx_UDP_Echo_Server/Drivers/STM32N6xx_HAL_Driver/Src/stm32n6xx_hal_rcc.c:2422:13:RCC_ATTR_ConfigItemGroup	4	static
D:/Code/STM32/RLU_Expriemente/stm32-helium-demo/ide_ws_thomas/Nx_UDP_Echo_Server/Drivers/STM32N6xx_HAL_Driver/Src/stm32n6xx_hal_rcc.c:2026:26:RCC_PLL_Config	32	static
D:/Code/STM32/RLU_Expriemente/stm32-helium-demo/ide_ws_thomas/Nx_UDP_Echo_Server/Drivers/STM32N6xx_HAL_Driver/Src/stm32n6xx_hal_rcc.c:223:19:HAL_RCC_DeInit	24	static
D:/Code/STM32/RLU_Expriemente/stm32-helium-demo/ide_ws_thomas/Nx_UDP_Echo_Server/Drivers/STM32N6xx_HAL_Driver/Src/stm32n6xx_hal_rcc.c:352:19:HAL_RCC_OscConfig	48	static
D:/Code/STM32/RLU_Expriemente/stm32-helium-demo/ide_ws_thomas/Nx_UDP_Echo_Server/Drivers/STM32N6xx_HAL_Driver/Src/stm32n6xx_hal_rcc.c:1216:6:HAL_RCC_MCOConfig	56	static
D:/Code/STM32/RLU_Expriemente/stm32-helium-demo/ide_ws_thomas/Nx_UDP_Echo_Server/Drivers/STM32N6xx_HAL_Driver/Src/stm32n6xx_hal_rcc.c:1309:6:HAL_RCC_EnableCSS	0	static
D:/Code/STM32/RLU_Expriemente/stm32-helium-demo/ide_ws_thomas/Nx_UDP_Echo_Server/Drivers/STM32N6xx_HAL_Driver/Src/stm32n6xx_hal_rcc.c:1348:10:HAL_RCC_GetCpuClockFreq	8	static
D:/Code/STM32/RLU_Expriemente/stm32-helium-demo/ide_ws_thomas/Nx_UDP_Echo_Server/Drivers/STM32N6xx_HAL_Driver/Src/stm32n6xx_hal_rcc.c:883:19:HAL_RCC_ClockConfig	32	static
D:/Code/STM32/RLU_Expriemente/stm32-helium-demo/ide_ws_thomas/Nx_UDP_Echo_Server/Drivers/STM32N6xx_HAL_Driver/Src/stm32n6xx_hal_rcc.c:1444:10:HAL_RCC_GetSysClockFreq	8	static
D:/Code/STM32/RLU_Expriemente/stm32-helium-demo/ide_ws_thomas/Nx_UDP_Echo_Server/Drivers/STM32N6xx_HAL_Driver/Src/stm32n6xx_hal_rcc.c:1510:10:HAL_RCC_GetHCLKFreq	8	static
D:/Code/STM32/RLU_Expriemente/stm32-helium-demo/ide_ws_thomas/Nx_UDP_Echo_Server/Drivers/STM32N6xx_HAL_Driver/Src/stm32n6xx_hal_rcc.c:1521:10:HAL_RCC_GetPCLK1Freq	8	static
D:/Code/STM32/RLU_Expriemente/stm32-helium-demo/ide_ws_thomas/Nx_UDP_Echo_Server/Drivers/STM32N6xx_HAL_Driver/Src/stm32n6xx_hal_rcc.c:1533:10:HAL_RCC_GetPCLK2Freq	8	static
D:/Code/STM32/RLU_Expriemente/stm32-helium-demo/ide_ws_thomas/Nx_UDP_Echo_Server/Drivers/STM32N6xx_HAL_Driver/Src/stm32n6xx_hal_rcc.c:1545:10:HAL_RCC_GetPCLK4Freq	8	static
D:/Code/STM32/RLU_Expriemente/stm32-helium-demo/ide_ws_thomas/Nx_UDP_Echo_Server/Drivers/STM32N6xx_HAL_Driver/Src/stm32n6xx_hal_rcc.c:1557:10:HAL_RCC_GetPCLK5Freq	8	static
D:/Code/STM32/RLU_Expriemente/stm32-helium-demo/ide_ws_thomas/Nx_UDP_Echo_Server/Drivers/STM32N6xx_HAL_Driver/Src/stm32n6xx_hal_rcc.c:1570:6:HAL_RCC_GetOscConfig	8	static
D:/Code/STM32/RLU_Expriemente/stm32-helium-demo/ide_ws_thomas/Nx_UDP_Echo_Server/Drivers/STM32N6xx_HAL_Driver/Src/stm32n6xx_hal_rcc.c:1780:6:HAL_RCC_GetClockConfig	4	static
D:/Code/STM32/RLU_Expriemente/stm32-helium-demo/ide_ws_thomas/Nx_UDP_Echo_Server/Drivers/STM32N6xx_HAL_Driver/Src/stm32n6xx_hal_rcc.c:1860:13:HAL_RCC_CSSCallback	0	static
D:/Code/STM32/RLU_Expriemente/stm32-helium-demo/ide_ws_thomas/Nx_UDP_Echo_Server/Drivers/STM32N6xx_HAL_Driver/Src/stm32n6xx_hal_rcc.c:1843:6:HAL_RCC_NMI_IRQHandler	8	static
D:/Code/STM32/RLU_Expriemente/stm32-helium-demo/ide_ws_thomas/Nx_UDP_Echo_Server/Drivers/STM32N6xx_HAL_Driver/Src/stm32n6xx_hal_rcc.c:1904:6:HAL_RCC_ConfigAttributes	16	static
D:/Code/STM32/RLU_Expriemente/stm32-helium-demo/ide_ws_thomas/Nx_UDP_Echo_Server/Drivers/STM32N6xx_HAL_Driver/Src/stm32n6xx_hal_rcc.c:1957:19:HAL_RCC_GetConfigAttributes	8	static
