D:/Code/STM32/RLU_Expriemente/stm32-helium-demo/ide_ws_thomas/Nx_UDP_Echo_Server/Drivers/STM32N6xx_HAL_Driver/Src/stm32n6xx_hal_exti.c:139:19:HAL_EXTI_SetConfigLine	16	static
D:/Code/STM32/RLU_Expriemente/stm32-helium-demo/ide_ws_thomas/Nx_UDP_Echo_Server/Drivers/STM32N6xx_HAL_Driver/Src/stm32n6xx_hal_exti.c:261:19:HAL_EXTI_GetConfigLine	12	static
D:/Code/STM32/RLU_Expriemente/stm32-helium-demo/ide_ws_thomas/Nx_UDP_Echo_Server/Drivers/STM32N6xx_HAL_Driver/Src/stm32n6xx_hal_exti.c:364:19:HAL_EXTI_ClearConfigLine	16	static
D:/Code/STM32/RLU_Expriemente/stm32-helium-demo/ide_ws_thomas/Nx_UDP_Echo_Server/Drivers/STM32N6xx_HAL_Driver/Src/stm32n6xx_hal_exti.c:430:19:HAL_EXTI_RegisterCallback	0	static
D:/Code/STM32/RLU_Expriemente/stm32-helium-demo/ide_ws_thomas/Nx_UDP_Echo_Server/Drivers/STM32N6xx_HAL_Driver/Src/stm32n6xx_hal_exti.c:466:19:HAL_EXTI_GetHandle	0	static
D:/Code/STM32/RLU_Expriemente/stm32-helium-demo/ide_ws_thomas/Nx_UDP_Echo_Server/Drivers/STM32N6xx_HAL_Driver/Src/stm32n6xx_hal_exti.c:507:6:HAL_EXTI_IRQHandler	16	static
D:/Code/STM32/RLU_Expriemente/stm32-helium-demo/ide_ws_thomas/Nx_UDP_Echo_Server/Drivers/STM32N6xx_HAL_Driver/Src/stm32n6xx_hal_exti.c:561:10:HAL_EXTI_GetPending	0	static
D:/Code/STM32/RLU_Expriemente/stm32-helium-demo/ide_ws_thomas/Nx_UDP_Echo_Server/Drivers/STM32N6xx_HAL_Driver/Src/stm32n6xx_hal_exti.c:605:6:HAL_EXTI_ClearPending	0	static
D:/Code/STM32/RLU_Expriemente/stm32-helium-demo/ide_ws_thomas/Nx_UDP_Echo_Server/Drivers/STM32N6xx_HAL_Driver/Src/stm32n6xx_hal_exti.c:641:6:HAL_EXTI_GenerateSWI	0	static
D:/Code/STM32/RLU_Expriemente/stm32-helium-demo/ide_ws_thomas/Nx_UDP_Echo_Server/Drivers/STM32N6xx_HAL_Driver/Src/stm32n6xx_hal_exti.c:691:6:HAL_EXTI_ConfigLineAttributes	8	static
D:/Code/STM32/RLU_Expriemente/stm32-helium-demo/ide_ws_thomas/Nx_UDP_Echo_Server/Drivers/STM32N6xx_HAL_Driver/Src/stm32n6xx_hal_exti.c:761:19:HAL_EXTI_GetConfigLineAttributes	20	static
D:/Code/STM32/RLU_Expriemente/stm32-helium-demo/ide_ws_thomas/Nx_UDP_Echo_Server/Drivers/STM32N6xx_HAL_Driver/Src/stm32n6xx_hal_exti.c:818:6:HAL_EXTI_LockAttributes	0	static
D:/Code/STM32/RLU_Expriemente/stm32-helium-demo/ide_ws_thomas/Nx_UDP_Echo_Server/Drivers/STM32N6xx_HAL_Driver/Src/stm32n6xx_hal_exti.c:827:10:HAL_EXTI_GetLockAttributes	0	static
