D:/Code/STM32/RLU_Expriemente/stm32-helium-demo/ide_ws_thomas/Nx_UDP_Echo_Server/Core/Src/main.c:423:13:TransferComplete	1
D:/Code/STM32/RLU_Expriemente/stm32-helium-demo/ide_ws_thomas/Nx_UDP_Echo_Server/Core/Src/main.c:434:13:TransferError	1
D:/Code/STM32/RLU_Expriemente/stm32-helium-demo/ide_ws_thomas/Nx_UDP_Echo_Server/Core/Src/main.c:200:6:calc_img	1
D:/Code/STM32/RLU_Expriemente/stm32-helium-demo/ide_ws_thomas/Nx_UDP_Echo_Server/Core/Src/main.c:210:6:copy_planck	2
D:/Code/STM32/RLU_Expriemente/stm32-helium-demo/ide_ws_thomas/Nx_UDP_Echo_Server/Core/Src/main.c:219:6:copy_raw	2
D:/Code/STM32/RLU_Expriemente/stm32-helium-demo/ide_ws_thomas/Nx_UDP_Echo_Server/Core/Src/main.c:228:6:copy_cali	2
D:/Code/STM32/RLU_Expriemente/stm32-helium-demo/ide_ws_thomas/Nx_UDP_Echo_Server/Core/Src/main.c:255:6:mult_alpha	3
D:/Code/STM32/RLU_Expriemente/stm32-helium-demo/ide_ws_thomas/Nx_UDP_Echo_Server/Core/Src/main.c:632:6:HAL_XSPI_CmdCpltCallback	1
D:/Code/STM32/RLU_Expriemente/stm32-helium-demo/ide_ws_thomas/Nx_UDP_Echo_Server/Core/Src/main.c:642:6:HAL_XSPI_TxCpltCallback	1
D:/Code/STM32/RLU_Expriemente/stm32-helium-demo/ide_ws_thomas/Nx_UDP_Echo_Server/Core/Src/main.c:1043:1:__io_putchar	1
D:/Code/STM32/RLU_Expriemente/stm32-helium-demo/ide_ws_thomas/Nx_UDP_Echo_Server/Core/Src/main.c:1053:6:MPU_Config	1
D:/Code/STM32/RLU_Expriemente/stm32-helium-demo/ide_ws_thomas/Nx_UDP_Echo_Server/Core/Src/main.c:1153:6:HAL_TIM_PeriodElapsedCallback	2
D:/Code/STM32/RLU_Expriemente/stm32-helium-demo/ide_ws_thomas/Nx_UDP_Echo_Server/Core/Src/main.c:1170:6:Error_Handler	1
D:/Code/STM32/RLU_Expriemente/stm32-helium-demo/ide_ws_thomas/Nx_UDP_Echo_Server/Core/Src/main.c:470:6:SystemClock_Config	7
D:/Code/STM32/RLU_Expriemente/stm32-helium-demo/ide_ws_thomas/Nx_UDP_Echo_Server/Core/Src/main.c:652:6:HAL_XSPI_ErrorCallback	0
D:/Code/STM32/RLU_Expriemente/stm32-helium-demo/ide_ws_thomas/Nx_UDP_Echo_Server/Core/Src/main.c:136:6:prep_xspi	18
D:/Code/STM32/RLU_Expriemente/stm32-helium-demo/ide_ws_thomas/Nx_UDP_Echo_Server/Core/Src/main.c:271:5:main	14
