D:/Code/STM32/RLU_Expriemente/stm32-helium-demo/ide_ws_thomas/Nx_UDP_Echo_Server/Core/Src/stm32n6xx_hal_msp.c:63:6:HAL_MspInit	16	static
D:/Code/STM32/RLU_Expriemente/stm32-helium-demo/ide_ws_thomas/Nx_UDP_Echo_Server/Core/Src/stm32n6xx_hal_msp.c:88:6:HAL_ETH_MspInit	80	static
D:/Code/STM32/RLU_Expriemente/stm32-helium-demo/ide_ws_thomas/Nx_UDP_Echo_Server/Core/Src/stm32n6xx_hal_msp.c:160:6:HAL_ETH_MspDeInit	16	static
D:/Code/STM32/RLU_Expriemente/stm32-helium-demo/ide_ws_thomas/Nx_UDP_Echo_Server/Core/Src/stm32n6xx_hal_msp.c:202:6:HAL_UART_MspInit	448	static
D:/Code/STM32/RLU_Expriemente/stm32-helium-demo/ide_ws_thomas/Nx_UDP_Echo_Server/Core/Src/stm32n6xx_hal_msp.c:259:6:HAL_UART_MspDeInit	8	static
D:/Code/STM32/RLU_Expriemente/stm32-helium-demo/ide_ws_thomas/Nx_UDP_Echo_Server/Core/Src/stm32n6xx_hal_msp.c:290:6:HAL_XSPI_MspInit	456	static
D:/Code/STM32/RLU_Expriemente/stm32-helium-demo/ide_ws_thomas/Nx_UDP_Echo_Server/Core/Src/stm32n6xx_hal_msp.c:355:6:HAL_XSPI_MspDeInit	8	static
