D:/Code/STM32/RLU_Expriemente/stm32-helium-demo/ide_ws_thomas/Nx_UDP_Echo_Server/NetXDuo/App/app_netxduo.c:509:13:App_Link_Thread_Entry	48	static
D:/Code/STM32/RLU_Expriemente/stm32-helium-demo/ide_ws_thomas/Nx_UDP_Echo_Server/NetXDuo/App/app_netxduo.c:284:13:nx_app_thread_entry	16	static
D:/Code/STM32/RLU_Expriemente/stm32-helium-demo/ide_ws_thomas/Nx_UDP_Echo_Server/NetXDuo/App/app_netxduo.c:370:13:App_UDP_Thread_Entry	184	static
D:/Code/STM32/RLU_Expriemente/stm32-helium-demo/ide_ws_thomas/Nx_UDP_Echo_Server/NetXDuo/App/app_netxduo.c:262:13:ip_address_change_notify_callback	8	static
D:/Code/STM32/RLU_Expriemente/stm32-helium-demo/ide_ws_thomas/Nx_UDP_Echo_Server/NetXDuo/App/app_netxduo.c:80:6:MX_NetXDuo_Init	64	static
