D:/Code/STM32/RLU_Expriemente/stm32-helium-demo/ide_ws_thomas/Nx_UDP_Echo_Server/Middlewares/ST/threadx/ports/cortex_m55/gnu/src/tx_thread_secure_stack.c:119:9:_tx_thread_secure_mode_stack_initialize	24	static,ignoring_inline_asm
D:/Code/STM32/RLU_Expriemente/stm32-helium-demo/ide_ws_thomas/Nx_UDP_Echo_Server/Middlewares/ST/threadx/ports/cortex_m55/gnu/src/tx_thread_secure_stack.c:216:9:_tx_thread_secure_mode_stack_allocate	56	static,ignoring_inline_asm
D:/Code/STM32/RLU_Expriemente/stm32-helium-demo/ide_ws_thomas/Nx_UDP_Echo_Server/Middlewares/ST/threadx/ports/cortex_m55/gnu/src/tx_thread_secure_stack.c:363:9:_tx_thread_secure_mode_stack_free	24	static,ignoring_inline_asm
D:/Code/STM32/RLU_Expriemente/stm32-helium-demo/ide_ws_thomas/Nx_UDP_Echo_Server/Middlewares/ST/threadx/ports/cortex_m55/gnu/src/tx_thread_secure_stack.c:468:6:_tx_thread_secure_stack_context_save	8	static,ignoring_inline_asm
D:/Code/STM32/RLU_Expriemente/stm32-helium-demo/ide_ws_thomas/Nx_UDP_Echo_Server/Middlewares/ST/threadx/ports/cortex_m55/gnu/src/tx_thread_secure_stack.c:561:6:_tx_thread_secure_stack_context_restore	8	static,ignoring_inline_asm
